
=== === TOP main

=== === TOP desim_bist

=== === TOP rtc_bist

*** *** end rtc_bist

=== === TOP timing_check_bist

TimingCheck: τ allowed 150 to 250 ns -- FAIL, NO samples observed
TimingCheck: τ allowed 150 to 250 ns, saw 166 to 222 ns
TimingCheck: τ allowed 150 to 250 ns, saw 111 to 222 ns -- FAIL, LB timing violation(s).
TimingCheck: τ allowed 150 to 250 ns, saw 111 to 277 ns -- FAIL, LB UB timing violation(s).

*** *** end timing_check_bist

=== === TOP Tau_bist

*** *** end Tau_bist

=== === TOP Edge_bist

s1: a↑
s2: a↑
s2: b↑
s1: c↑
s3: a↓
s3: b↓
s3: c↓
s1: a↑
s2: a↑
s2: b↑
s1: c↑
s3: a↓
s3: b↓
s3: c↓
s1: a↑
s2: a↑
s2: b↑
s1: c↑
s3: a↓
s3: b↓
s3: c↓

*** *** end Edge_bist

=== === TOP Clock_bist

*** *** end Clock_bist

=== === TOP Gen8224_bist

Timing Checks:
TimingCheck: CY allowed 480 to 2000 ns, saw 500 to 500 ns
TimingCheck: Φ₁ at least 91 ns, saw 111 to 111 ns
TimingCheck: Φ₂ at least 242 ns, saw 277 to 277 ns
TimingCheck: D1 no bounds checked, saw 0 to 0 ns
TimingCheck: D2 at least 97 ns, saw 111 to 111 ns
TimingCheck: D3 allowed 111 to 132 ns, saw 111 to 111 ns
TimingCheck: DSS allowed 303 to 334 ns, saw 333 to 333 ns
TimingCheck: PW at least 25 ns, saw 55 to 55 ns
TimingCheck: DRH at least 217 ns, saw 222 to 222 ns
TimingCheck: DR at least 197 ns, saw 222 to 222 ns
TimingCheck: RS at least 120 ns, saw 222 to 222 ns

Signal Traces:

From 0.000 to 4.000 μs:
    tPHI1:	##,,,,,,,##,,,,,,,##,,,,,,,##,,,,,,,##,,,,,,,##,,,,,,,##,,,,,,,##,,,,,,,
    tPHI2:	,,#####,,,,#####,,,,#####,,,,#####,,,,#####,,,,#####,,,,#####,,,,#####,,
    tSTSTB_:	,,,,,,,,#,,,,,,,,#,,,,,,,,#,,,,,,,,#,,,,,,,,#,,,,,,,,#,,,,,,,,#,,,,,,,,#
    tRESIN_:	########################################################################
    tRESET:	########################################################################
    tRDYIN:	,,,,,,,,,,,,,,,,,,,,,,,,,,,,,,,,,,,,,,,,,,,,,,,,,,,,,,,,,,,,,,,,,,,,,,,,
    tREADY:	,,,,,,,,,,,,,,,,,,,,,,,,,,,,,,,,,,,,,,,,,,,,,,,,,,,,,,,,,,,,,,,,,,,,,,,,

From 4.000 to 8.000 μs:
    tPHI1:	##,,,,,,,##,,,,,,,##,,,,,,,##,,,,,,,##,,,,,,,##,,,,,,,##,,,,,,,##,,,,,,,
    tPHI2:	,,#####,,,,#####,,,,#####,,,,#####,,,,#####,,,,#####,,,,#####,,,,#####,,
    tSTSTB_:	,,,,,,,,#,,,,,,,,#,,,,,,,,#,,,,,,,,#,,,,,,,,#,,,,,,,,#,,,,,,,,#,,,,,,,,#
    tRESIN_:	,,,,,,,,,,,,,,,,,,###################,,,,,,,,,,,,,,,,,,#################
    tRESET:	###,,,,,,,,,,,,,,,,,,##################,,,,,,,,,,,,,,,,,,###############
    tRDYIN:	,,,,,,,,,,,,,,,,,,,,,,,,,,,,,,,,,,,,,,,,,,,,,,,,,,,,,,,,,,,,,,,,,,,,,,,,
    tREADY:	,,,,,,,,,,,,,,,,,,,,,,,,,,,,,,,,,,,,,,,,,,,,,,,,,,,,,,,,,,,,,,,,,,,,,,,,

From 8.000 to 12.000 μs:
    tPHI1:	##,,,,,,,##,,,,,,,##,,,,,,,##,,,,,,,##,,,,,,,##,,,,,,,##,,,,,,,##,,,,,,,
    tPHI2:	,,#####,,,,#####,,,,#####,,,,#####,,,,#####,,,,#####,,,,#####,,,,#####,,
    tSTSTB_:	,,,,,,,,#,,,,,,,,#,,,,,,,,#,,,,,,,,#,,,,,,,,#,,,,,,,,#,,,,,,,,#,,,,,,,,#
    tRESIN_:	##,,,,,,,,,,,,,,,,,,###################,,,,,,,,,,,,,,,,,,###############
    tRESET:	###,,,,,,,,,,,,,,,,,,##################,,,,,,,,,,,,,,,,,,###############
    tRDYIN:	,,,,,,,,,,,,,,,,,,,,,,,,,,,,,,,,,,,,,,,,,,,,,,,,,,,,,,,,,,,,,,,,,,,,,,,,
    tREADY:	,,,,,,,,,,,,,,,,,,,,,,,,,,,,,,,,,,,,,,,,,,,,,,,,,,,,,,,,,,,,,,,,,,,,,,,,

From 12.000 to 16.000 μs:
    tPHI1:	##,,,,,,,##,,,,,,,##,,,,,,,##,,,,,,,##,,,,,,,##,,,,,,,##,,,,,,,##,,,,,,,
    tPHI2:	,,#####,,,,#####,,,,#####,,,,#####,,,,#####,,,,#####,,,,#####,,,,#####,,
    tSTSTB_:	,,,,,,,,#,,,,,,,,#,,,,,,,,#,,,,,,,,#,,,,,,,,#,,,,,,,,#,,,,,,,,#,,,,,,,,#
    tRESIN_:	####,,,,,,,,,,,,,,,,,,###################,,,,,,,,,,,,,,,,,,#############
    tRESET:	############,,,,,,,,,,,,,,,,,,##################,,,,,,,,,,,,,,,,,,######
    tRDYIN:	,,,,,,,,,,,,,,,,,,,,,,,,,,,,,,,,,,,,,,,,,,,,,,,,,,,,,,,,,,,,,,,,,,,,,,,,
    tREADY:	,,,,,,,,,,,,,,,,,,,,,,,,,,,,,,,,,,,,,,,,,,,,,,,,,,,,,,,,,,,,,,,,,,,,,,,,

From 16.000 to 20.000 μs:
    tPHI1:	##,,,,,,,##,,,,,,,##,,,,,,,##,,,,,,,##,,,,,,,##,,,,,,,##,,,,,,,##,,,,,,,
    tPHI2:	,,#####,,,,#####,,,,#####,,,,#####,,,,#####,,,,#####,,,,#####,,,,#####,,
    tSTSTB_:	,,,,,,,,#,,,,,,,,#,,,,,,,,#,,,,,,,,#,,,,,,,,#,,,,,,,,#,,,,,,,,#,,,,,,,,#
    tRESIN_:	######,,,,,,,,,,,,,,,,,,###################,,,,,,,,,,,,,,,,,,###########
    tRESET:	############,,,,,,,,,,,,,,,,,,##################,,,,,,,,,,,,,,,,,,######
    tRDYIN:	,,,,,,,,,,,,,,,,,,,,,,,,,,,,,,,,,,,,,,,,,,,,,,,,,,,,,,,,,,,,,,,,,,,,,,,,
    tREADY:	,,,,,,,,,,,,,,,,,,,,,,,,,,,,,,,,,,,,,,,,,,,,,,,,,,,,,,,,,,,,,,,,,,,,,,,,

From 20.000 to 24.000 μs:
    tPHI1:	##,,,,,,,##,,,,,,,##,,,,,,,##,,,,,,,##,,,,,,,##,,,,,,,##,,,,,,,##,,,,,,,
    tPHI2:	,,#####,,,,#####,,,,#####,,,,#####,,,,#####,,,,#####,,,,#####,,,,#####,,
    tSTSTB_:	,,,,,,,,#,,,,,,,,#,,,,,,,,#,,,,,,,,#,,,,,,,,#,,,,,,,,#,,,,,,,,#,,,,,,,,#
    tRESIN_:	########,,,,,,,,,,,,,,,,,,###################,,,,,,,,,,,,,,,,,,#########
    tRESET:	############,,,,,,,,,,,,,,,,,,##################,,,,,,,,,,,,,,,,,,######
    tRDYIN:	,,,,,,,,,,,,,,,,,,,,,,,,,,,,,,,,,,,,,,,,,,,,,,,,,,,,,,,,,,,,,,,,,,,,,,,,
    tREADY:	,,,,,,,,,,,,,,,,,,,,,,,,,,,,,,,,,,,,,,,,,,,,,,,,,,,,,,,,,,,,,,,,,,,,,,,,

From 24.000 to 28.000 μs:
    tPHI1:	##,,,,,,,##,,,,,,,##,,,,,,,##,,,,,,,##,,,,,,,##,,,,,,,##,,,,,,,##,,,,,,,
    tPHI2:	,,#####,,,,#####,,,,#####,,,,#####,,,,#####,,,,#####,,,,#####,,,,#####,,
    tSTSTB_:	,,,,,,,,#,,,,,,,,#,,,,,,,,#,,,,,,,,#,,,,,,,,#,,,,,,,,#,,,,,,,,#,,,,,,,,#
    tRESIN_:	##########,,,,,,,,,,,,,,,,,,###################,,,,,,,,,,,,,,,,,,#######
    tRESET:	############,,,,,,,,,,,,,,,,,,##################,,,,,,,,,,,,,,,,,,######
    tRDYIN:	,,,,,,,,,,,,,,,,,,,,,,,,,,,,,,,,,,,,,,,,,,,,,,,,,,,,,,,,,,,,,,,,,,,,,,,,
    tREADY:	,,,,,,,,,,,,,,,,,,,,,,,,,,,,,,,,,,,,,,,,,,,,,,,,,,,,,,,,,,,,,,,,,,,,,,,,

From 28.000 to 32.000 μs:
    tPHI1:	##,,,,,,,##,,,,,,,##,,,,,,,##,,,,,,,##,,,,,,,##,,,,,,,##,,,,,,,##,,,,,,,
    tPHI2:	,,#####,,,,#####,,,,#####,,,,#####,,,,#####,,,,#####,,,,#####,,,,#####,,
    tSTSTB_:	,,,,,,,,#,,,,,,,,#,,,,,,,,#,,,,,,,,#,,,,,,,,#,,,,,,,,#,,,,,,,,#,,,,,,,,#
    tRESIN_:	############,,,,,,,,,,,,,,,,,,###################,,,,,,,,,,,,,,,,,,#####
    tRESET:	############,,,,,,,,,,,,,,,,,,###########################,,,,,,,,,,,,,,,
    tRDYIN:	,,,,,,,,,,,,,,,,,,,,,,,,,,,,,,,,,,,,,,,,,,,,,,,,,,,,,,,,,,,,,,,,,,,,,,,,
    tREADY:	,,,,,,,,,,,,,,,,,,,,,,,,,,,,,,,,,,,,,,,,,,,,,,,,,,,,,,,,,,,,,,,,,,,,,,,,

From 32.000 to 36.000 μs:
    tPHI1:	##,,,,,,,##,,,,,,,##,,,,,,,##,,,,,,,##,,,,,,,##,,,,,,,##,,,,,,,##,,,,,,,
    tPHI2:	,,#####,,,,#####,,,,#####,,,,#####,,,,#####,,,,#####,,,,#####,,,,#####,,
    tSTSTB_:	,,,,,,,,#,,,,,,,,#,,,,,,,,#,,,,,,,,#,,,,,,,,#,,,,,,,,#,,,,,,,,#,,,,,,,,#
    tRESIN_:	##############,,,,,,,,,,,,,,,,,,###################,,,,,,,,,,,,,,,,,,###
    tRESET:	,,,##################,,,,,,,,,,,,,,,,,,##################,,,,,,,,,,,,,,,
    tRDYIN:	,,,,,,,,,,,,,,,,,,,,,,,,,,,,,,,,,,,,,,,,,,,,,,,,,,,,,,,,,,,,,,,,,,,,,,,,
    tREADY:	,,,,,,,,,,,,,,,,,,,,,,,,,,,,,,,,,,,,,,,,,,,,,,,,,,,,,,,,,,,,,,,,,,,,,,,,

From 36.000 to 40.000 μs:
    tPHI1:	##,,,,,,,##,,,,,,,##,,,,,,,##,,,,,,,##,,,,,,,##,,,,,,,##,,,,,,,##,,,,,,,
    tPHI2:	,,#####,,,,#####,,,,#####,,,,#####,,,,#####,,,,#####,,,,#####,,,,#####,,
    tSTSTB_:	,,,,,,,,#,,,,,,,,#,,,,,,,,#,,,,,,,,#,,,,,,,,#,,,,,,,,#,,,,,,,,#,,,,,,,,#
    tRESIN_:	################,,,,,,,,,,,,,,,,,,###################,,,,,,,,,,,,,,,,,,#
    tRESET:	,,,##################,,,,,,,,,,,,,,,,,,##################,,,,,,,,,,,,,,,
    tRDYIN:	,,,,,,,,,,,,,,,,,,,,,,,,,,,,,,,,,,,,,,,,,,,,,,,,,,,,,,,,,,,,,,,,,,,,,,,,
    tREADY:	,,,,,,,,,,,,,,,,,,,,,,,,,,,,,,,,,,,,,,,,,,,,,,,,,,,,,,,,,,,,,,,,,,,,,,,,

From 40.000 to 44.000 μs:
    tPHI1:	##,,,,,,,##,,,,,,,##,,,,,,,##,,,,,,,##,,,,,,,##,,,,,,,##,,,,,,,##,,,,,,,
    tPHI2:	,,#####,,,,#####,,,,#####,,,,#####,,,,#####,,,,#####,,,,#####,,,,#####,,
    tSTSTB_:	,,,,,,,,#,,,,,,,,#,,,,,,,,#,,,,,,,,#,,,,,,,,#,,,,,,,,#,,,,,,,,#,,,,,,,,#
    tRESIN_:	##################,,,,,,,,,,,,,,,,,,,,,,,,,,,,,,,,,,,,,,,,,,,,,,,,,,,,,,
    tRESET:	,,,##################,,,,,,,,,,,,,,,,,,,,,,,,,,,,,,,,,,,,,,,,,,,,,,,,,,,
    tRDYIN:	,,,,,,,,,,,,,,,,,,,,,,,,,,,,,,,,,,,,,,,,,,,,,,,,,,,,,,##################
    tREADY:	,,,,,,,,,,,,,,,,,,,,,,,,,,,,,,,,,,,,,,,,,,,,,,,,,,,,,,,,,###############

From 44.000 to 48.000 μs:
    tPHI1:	##,,,,,,,##,,,,,,,##,,,,,,,##,,,,,,,##,,,,,,,##,,,,,,,##,,,,,,,##,,,,,,,
    tPHI2:	,,#####,,,,#####,,,,#####,,,,#####,,,,#####,,,,#####,,,,#####,,,,#####,,
    tSTSTB_:	,,,,,,,,#,,,,,,,,#,,,,,,,,#,,,,,,,,#,,,,,,,,#,,,,,,,,#,,,,,,,,#,,,,,,,,#
    tRDYIN:	,,,,,,,,,,,,,,,,,,,##################,,,,,,,,,,,,,,,,,,,################
    tREADY:	###,,,,,,,,,,,,,,,,,,##################,,,,,,,,,,,,,,,,,,###############

From 48.000 to 52.000 μs:
    tPHI1:	##,,,,,,,##,,,,,,,##,,,,,,,##,,,,,,,##,,,,,,,##,,,,,,,##,,,,,,,##,,,,,,,
    tPHI2:	,,#####,,,,#####,,,,#####,,,,#####,,,,#####,,,,#####,,,,#####,,,,#####,,
    tSTSTB_:	,,,,,,,,#,,,,,,,,#,,,,,,,,#,,,,,,,,#,,,,,,,,#,,,,,,,,#,,,,,,,,#,,,,,,,,#
    tRDYIN:	##,,,,,,,,,,,,,,,,,,,##################,,,,,,,,,,,,,,,,,,,##############
    tREADY:	###,,,,,,,,,,,,,,,,,,##################,,,,,,,,,,,,,,,,,,,,,,,,,,,######

From 52.000 to 56.000 μs:
    tPHI1:	##,,,,,,,##,,,,,,,##,,,,,,,##,,,,,,,##,,,,,,,##,,,,,,,##,,,,,,,##,,,,,,,
    tPHI2:	,,#####,,,,#####,,,,#####,,,,#####,,,,#####,,,,#####,,,,#####,,,,#####,,
    tSTSTB_:	,,,,,,,,#,,,,,,,,#,,,,,,,,#,,,,,,,,#,,,,,,,,#,,,,,,,,#,,,,,,,,#,,,,,,,,#
    tRDYIN:	####,,,,,,,,,,,,,,,,,,,##################,,,,,,,,,,,,,,,,,,,############
    tREADY:	############,,,,,,,,,,,,,,,,,,##################,,,,,,,,,,,,,,,,,,######

From 56.000 to 60.000 μs:
    tPHI1:	##,,,,,,,##,,,,,,,##,,,,,,,##,,,,,,,##,,,,,,,##,,,,,,,##,,,,,,,##,,,,,,,
    tPHI2:	,,#####,,,,#####,,,,#####,,,,#####,,,,#####,,,,#####,,,,#####,,,,#####,,
    tSTSTB_:	,,,,,,,,#,,,,,,,,#,,,,,,,,#,,,,,,,,#,,,,,,,,#,,,,,,,,#,,,,,,,,#,,,,,,,,#
    tRDYIN:	######,,,,,,,,,,,,,,,,,,,##################,,,,,,,,,,,,,,,,,,,##########
    tREADY:	############,,,,,,,,,,,,,,,,,,##################,,,,,,,,,,,,,,,,,,######

From 60.000 to 64.000 μs:
    tPHI1:	##,,,,,,,##,,,,,,,##,,,,,,,##,,,,,,,##,,,,,,,##,,,,,,,##,,,,,,,##,,,,,,,
    tPHI2:	,,#####,,,,#####,,,,#####,,,,#####,,,,#####,,,,#####,,,,#####,,,,#####,,
    tSTSTB_:	,,,,,,,,#,,,,,,,,#,,,,,,,,#,,,,,,,,#,,,,,,,,#,,,,,,,,#,,,,,,,,#,,,,,,,,#
    tRDYIN:	########,,,,,,,,,,,,,,,,,,,##################,,,,,,,,,,,,,,,,,,,########
    tREADY:	############,,,,,,,,,,,,,,,,,,##################,,,,,,,,,,,,,,,,,,######

From 64.000 to 68.000 μs:
    tPHI1:	##,,,,,,,##,,,,,,,##,,,,,,,##,,,,,,,##,,,,,,,##,,,,,,,##,,,,,,,##,,,,,,,
    tPHI2:	,,#####,,,,#####,,,,#####,,,,#####,,,,#####,,,,#####,,,,#####,,,,#####,,
    tSTSTB_:	,,,,,,,,#,,,,,,,,#,,,,,,,,#,,,,,,,,#,,,,,,,,#,,,,,,,,#,,,,,,,,#,,,,,,,,#
    tRDYIN:	##########,,,,,,,,,,,,,,,,,,,##################,,,,,,,,,,,,,,,,,,,######
    tREADY:	############,,,,,,,,,,,,,,,,,,##################,,,,,,,,,,,,,,,,,,######

From 68.000 to 72.000 μs:
    tPHI1:	##,,,,,,,##,,,,,,,##,,,,,,,##,,,,,,,##,,,,,,,##,,,,,,,##,,,,,,,##,,,,,,,
    tPHI2:	,,#####,,,,#####,,,,#####,,,,#####,,,,#####,,,,#####,,,,#####,,,,#####,,
    tSTSTB_:	,,,,,,,,#,,,,,,,,#,,,,,,,,#,,,,,,,,#,,,,,,,,#,,,,,,,,#,,,,,,,,#,,,,,,,,#
    tRDYIN:	############,,,,,,,,,,,,,,,,,,,##################,,,,,,,,,,,,,,,,,,,####
    tREADY:	############,,,,,,,,,,,,,,,,,,,,,,,,,,,##################,,,,,,,,,,,,,,,

From 72.000 to 76.000 μs:
    tPHI1:	##,,,,,,,##,,,,,,,##,,,,,,,##,,,,,,,##,,,,,,,##,,,,,,,##,,,,,,,##,,,,,,,
    tPHI2:	,,#####,,,,#####,,,,#####,,,,#####,,,,#####,,,,#####,,,,#####,,,,#####,,
    tSTSTB_:	,,,,,,,,#,,,,,,,,#,,,,,,,,#,,,,,,,,#,,,,,,,,#,,,,,,,,#,,,,,,,,#,,,,,,,,#
    tRDYIN:	##############,,,,,,,,,,,,,,,,,,,##################,,,,,,,,,,,,,,,,,,,##
    tREADY:	,,,##################,,,,,,,,,,,,,,,,,,##################,,,,,,,,,,,,,,,

From 76.000 to 80.000 μs:
    tPHI1:	##,,,,,,,##,,,,,,,##,,,,,,,##,,,,,,,##,,,,,,,##,,,,,,,##,,,,,,,##,,,,,,,
    tPHI2:	,,#####,,,,#####,,,,#####,,,,#####,,,,#####,,,,#####,,,,#####,,,,#####,,
    tSTSTB_:	,,,,,,,,#,,,,,,,,#,,,,,,,,#,,,,,,,,#,,,,,,,,#,,,,,,,,#,,,,,,,,#,,,,,,,,#
    tRDYIN:	################,,,,,,,,,,,,,,,,,,,##################,,,,,,,,,,,,,,,,,,,
    tREADY:	,,,##################,,,,,,,,,,,,,,,,,,##################,,,,,,,,,,,,,,,

From 80.000 to 84.000 μs:
    tPHI1:	##,,,,,,,##,,,,,,,##,,,,,,,##,,,,,,,##,,,,,,,##,,,,,,,##,,,,,,,##,,,,,,,
    tPHI2:	,,#####,,,,#####,,,,#####,,,,#####,,,,#####,,,,#####,,,,#####,,,,#####,,
    tSTSTB_:	,,,,,,,,#,,,,,,,,#,,,,,,,,#,,,,,,,,#,,,,,,,,#,,,,,,,,#,,,,,,,,#,,,,,,,,#
    tREADY:	,,,#####################################################################

From 84.000 to 88.000 μs:
    tPHI1:	##,,,,,,,##,,,,,,,##,,,,,,,##,,,,,,,##,,,,,,,##,,,,,,,##,,,,,,,##,,,,,,,
    tPHI2:	,,#####,,,,#####,,,,#####,,,,#####,,,,#####,,,,#####,,,,#####,,,,#####,,
    tSTSTB_:	,,,,,,,,#,,,,,,,,#,,,,,,,,#,,,,,,,,#,,,,,,,,#,,,,,,,,#,,,,,,,,#,,,,,,,,#

From 88.000 to 92.000 μs:
    tPHI1:	##,,,,,,,##,,,,,,,##,,,,,,,##,,,,,,,##,,,,,,,##,,,,,,,##,,,,,,,##,,,,,,,
    tPHI2:	,,#####,,,,#####,,,,#####,,,,#####,,,,#####,,,,#####,,,,#####,,,,#####,,
    tSTSTB_:	,,,,,,,,#,,,,,,,,#,,,,,,,,#,,,,,,,,#,,,,,,,,#,,,,,,,,#,,,,,,,,#,,,,,,,,#

*** *** end Gen8224_bist

=== === TOP Ctl8228_bist

Signal Traces:

From 0 to 72 u:
From 0.000 to 4.000 μs:
    STSTB_:	,,,,,,,,#,,,,,,,,,,,,,,,,,,,,,,,,,,,,,,,,,,,#,,,,,,,,,,,,,,,,,,,,,,,,,,,
    DBIN:	,,,,,,,,,,,,,#########,,,,,,,,,,,,,,,,,,,,,,,,,,,#########,,,,,,,,,,,,,,
    MEMR_:	,,,,,,,,##############,,,,,,,,,,,,,,,,,,,,,,########,,,,,,,,,,,,,,,,,,,,
    HLDA:	,,,,,,,,,,,,,,,,,,,,,,,,,,,,,,,,,,,,,,,,,,,,,,,,,,,,#########,,,,,,,,,,,

From 72 to 144 u:
From 4.000 to 8.000 μs:
    STSTB_:	,,,,,,,,#,,,,,,,,,,,,,,,,,,,,,,,,,,,,,,,,,,,#,,,,,,,,,,,,,,,,,,,,,,,,,,,
    DBIN:	,,,,,,,,,,,,,#########,,,,,,,,,,,,,,,,,,,,,,,,,,,#########,,,,,,,,,,,,,,
    MEMR_:	,,,,,,,,##############,,,,,,,,,,,,,,,,,,,,,,########,,,,,,,,,,,,,,,,,,,,
    HLDA:	,,,,,,,,,,,,,,,,,,,,,,,,,,,,,,,,,,,,,,,,,,,,,,,,,,,,#########,,,,,,,,,,,

From 144 to 216 u:
From 8.000 to 12.000 μs:
    STSTB_:	,,,,,,,,#,,,,,,,,,,,,,,,,,,,,,,,,,,,,,,,,,,,#,,,,,,,,,,,,,,,,,,,,,,,,,,,
    WR_:	,,,,,,,,,,,,,,,,,,,#########,,,,,,,,,,,,,,,,,,,,,,,,,,,#########,,,,,,,,
    MEMW_:	,,,,,,,,,,,,,,,,,,,#########,,,,,,,,,,,,,,,,,,,,,,,,,,,#########,,,,,,,,

From 216 to 288 u:
From 12.000 to 16.000 μs:
    STSTB_:	,,,,,,,,#,,,,,,,,,,,,,,,,,,,,,,,,,,,,,,,,,,,#,,,,,,,,,,,,,,,,,,,,,,,,,,,
    DBIN:	,,,,,,,,,,,,,#########,,,,,,,,,,,,,,,,,,,,,,,,,,,#########,,,,,,,,,,,,,,
    MEMR_:	,,,,,,,,##############,,,,,,,,,,,,,,,,,,,,,,########,,,,,,,,,,,,,,,,,,,,
    HLDA:	,,,,,,,,,,,,,,,,,,,,,,,,,,,,,,,,,,,,,,,,,,,,,,,,,,,,#########,,,,,,,,,,,

From 288 to 360 u:
From 16.000 to 20.000 μs:
    STSTB_:	,,,,,,,,#,,,,,,,,,,,,,,,,,,,,,,,,,,,,,,,,,,,#,,,,,,,,,,,,,,,,,,,,,,,,,,,
    WR_:	,,,,,,,,,,,,,,,,,,,#########,,,,,,,,,,,,,,,,,,,,,,,,,,,#########,,,,,,,,
    MEMW_:	,,,,,,,,,,,,,,,,,,,#########,,,,,,,,,,,,,,,,,,,,,,,,,,,#########,,,,,,,,

From 360 to 432 u:
From 20.000 to 24.000 μs:
    STSTB_:	,,,,,,,,#,,,,,,,,,,,,,,,,,,,,,,,,,,,,,,,,,,,#,,,,,,,,,,,,,,,,,,,,,,,,,,,
    DBIN:	,,,,,,,,,,,,,#########,,,,,,,,,,,,,,,,,,,,,,,,,,,#########,,,,,,,,,,,,,,
    IOR_:	,,,,,,,,##############,,,,,,,,,,,,,,,,,,,,,,########,,,,,,,,,,,,,,,,,,,,
    HLDA:	,,,,,,,,,,,,,,,,,,,,,,,,,,,,,,,,,,,,,,,,,,,,,,,,,,,,#########,,,,,,,,,,,

From 432 to 504 u:
From 24.000 to 28.000 μs:
    STSTB_:	,,,,,,,,#,,,,,,,,,,,,,,,,,,,,,,,,,,,,,,,,,,,#,,,,,,,,,,,,,,,,,,,,,,,,,,,
    WR_:	,,,,,,,,,,,,,,,,,,,#########,,,,,,,,,,,,,,,,,,,,,,,,,,,#########,,,,,,,,
    IOW_:	,,,,,,,,,,,,,,,,,,,#########,,,,,,,,,,,,,,,,,,,,,,,,,,,#########,,,,,,,,

From 504 to 576 u:
From 28.000 to 32.000 μs:
    STSTB_:	,,,,,,,,#,,,,,,,,,,,,,,,,,,,,,,,,,,,,,,,,,,,#,,,,,,,,,,,,,,,,,,,,,,,,,,,
    DBIN:	,,,,,,,,,,,,,#########,,,,,,,,,,,,,,,,,,,,,,,,,,,#########,,,,,,,,,,,,,,
    INTA_:	,,,,,,,,##############,,,,,,,,,,,,,,,,,,,,,,########,,,,,,,,,,,,,,,,,,,,
    HLDA:	,,,,,,,,,,,,,,,,,,,,,,,,,,,,,,,,,,,,,,,,,,,,,,,,,,,,#########,,,,,,,,,,,

From 576 to 648 u:
From 32.000 to 36.000 μs:
    STSTB_:	,,,,,,,,#,,,,,,,,,,,,,,,,,,,,,,,,,,,,,,,,,,,#,,,,,,,,,,,,,,,,,,,,,,,,,,,
    DBIN:	,,,,,,,,,,,,,#########,,,,,,,,,,,,,,,,,,,,,,,,,,,#########,,,,,,,,,,,,,,
    HLDA:	,,,,,,,,,,,,,,,,,,,,,,,,,,,,,,,,,,,,,,,,,,,,,,,,,,,,#########,,,,,,,,,,,

From 648 to 720 u:
From 36.000 to 40.000 μs:
    STSTB_:	,,,,,,,,#,,,,,,,,,,,,,,,,,,,,,,,,,,,,,,,,,,,#,,,,,,,,,,,,,,,,,,,,,,,,,,,
    DBIN:	,,,,,,,,,,,,,#########,,,,,,,,,,,,,,,,,,,,,,,,,,,#########,,,,,,,,,,,,,,
    INTA_:	,,,,,,,,##############,,,,,,,,,,,,,,,,,,,,,,########,,,,,,,,,,,,,,,,,,,,
    HLDA:	,,,,,,,,,,,,,,,,,,,,,,,,,,,,,,,,,,,,,,,,,,,,,,,,,,,,#########,,,,,,,,,,,

*** *** end Ctl8228_bist

=== === TOP Dec8080_bist

*** *** end Dec8080_bist

=== === TOP Cpu8080_bist

   4.444: /STSTB↓ 0242 M1 MEMR == STATUS_FETCH
   4.611: DBIN↑ /MEMR 0000000
   7.111: DBIN↓ 0000000 0000 NOP
   8.444: /STSTB↓ 0242 M1 MEMR == STATUS_FETCH
   8.611: DBIN↑ /MEMR 0000001
   9.111: DBIN↓ 0000001 0000 NOP
  10.444: /STSTB↓ 0242 M1 MEMR == STATUS_FETCH
  10.611: DBIN↑ /MEMR 0000002
  11.111: DBIN↓ 0000002 0373 EI
  12.444: /STSTB↓ 0242 M1 MEMR == STATUS_FETCH
  12.611: DBIN↑ /MEMR 0000003
  13.111: DBIN↓ 0000003 0166 HLT
  14.444: /STSTB↓ 0212 HLTA MEMR == STATUS_HALTACK
  24.444: /STSTB↓ 0242 M1 MEMR == STATUS_FETCH
  24.611: DBIN↑ /MEMR 0000000
  25.111: DBIN↓ 0000000 0363 DI
  26.444: /STSTB↓ 0242 M1 MEMR == STATUS_FETCH
  26.611: DBIN↑ /MEMR 0000001
  27.111: DBIN↓ 0000001 0000 NOP
  28.444: /STSTB↓ 0242 M1 MEMR == STATUS_FETCH
  28.611: DBIN↑ /MEMR 0000002
  29.111: DBIN↓ 0000002 0000 NOP
  30.444: /STSTB↓ 0242 M1 MEMR == STATUS_FETCH
  30.611: DBIN↑ /MEMR 0000003
  31.111: DBIN↓ 0000003 0000 NOP
  32.444: /STSTB↓ 0242 M1 MEMR == STATUS_FETCH
  32.611: DBIN↑ /MEMR 0000004
  33.111: DBIN↓ 0000004 0000 NOP
  34.444: /STSTB↓ 0242 M1 MEMR == STATUS_FETCH
  34.611: DBIN↑ /MEMR 0000005
  35.111: DBIN↓ 0000005 0000 NOP
  36.444: /STSTB↓ 0242 M1 MEMR == STATUS_FETCH
  36.611: DBIN↑ /MEMR 0000006
  37.111: DBIN↓ 0000006 0373 EI
  38.444: /STSTB↓ 0242 M1 MEMR == STATUS_FETCH
  38.611: DBIN↑ /MEMR 0000007
  39.111: DBIN↓ 0000007 0166 HLT
  40.444: /STSTB↓ 0212 HLTA MEMR == STATUS_HALTACK
  44.444: /STSTB↓ 0043 INTA M1 == STATUS_INTACK
  44.611: DBIN↑ 0000010
  45.111: DBIN↓ 0000010 0373 EI
  46.444: /STSTB↓ 0242 M1 MEMR == STATUS_FETCH
  46.611: DBIN↑ /MEMR 0000010
  47.111: DBIN↓ 0000010 0000 NOP
  48.444: /STSTB↓ 0043 INTA M1 == STATUS_INTACK
  48.611: DBIN↑ 0000011
  49.111: DBIN↓ 0000011 0000 NOP
  50.444: /STSTB↓ 0242 M1 MEMR == STATUS_FETCH
  50.611: DBIN↑ /MEMR 0000011
  51.111: DBIN↓ 0000011 0000 NOP
  52.444: /STSTB↓ 0242 M1 MEMR == STATUS_FETCH
  52.611: DBIN↑ /MEMR 0000012
  53.111: DBIN↓ 0000012 0000 NOP
  54.444: /STSTB↓ 0242 M1 MEMR == STATUS_FETCH
  54.611: DBIN↑ /MEMR 0000013
  55.111: DBIN↓ 0000013 0373 EI
  56.444: /STSTB↓ 0242 M1 MEMR == STATUS_FETCH
  56.611: DBIN↑ /MEMR 0000014
  57.111: DBIN↓ 0000014 0000 NOP
  58.444: /STSTB↓ 0242 M1 MEMR == STATUS_FETCH
  58.611: DBIN↑ /MEMR 0000015
  59.111: DBIN↓ 0000015 0000 NOP
  60.444: /STSTB↓ 0242 M1 MEMR == STATUS_FETCH
  60.611: DBIN↑ /MEMR 0000016
  61.111: DBIN↓ 0000016 0000 NOP
  62.444: /STSTB↓ 0242 M1 MEMR == STATUS_FETCH
  62.611: DBIN↑ /MEMR 0000017
  63.111: DBIN↓ 0000017 0000 NOP

Signal Traces:

From 0.000 to 4.000 μs:
    PHI1:	##,,,,,,,##,,,,,,,##,,,,,,,##,,,,,,,##,,,,,,,##,,,,,,,##,,,,,,,##,,,,,,,
    PHI2:	,,#####,,,,#####,,,,#####,,,,#####,,,,#####,,,,#####,,,,#####,,,,#####,,
    RESIN_:	######################################################,,,,,,,,,,,,,,,,,,
    RESET:	#########################################################,,,,,,,,,,,,,,,
    RDYIN:	,,,,,,,,,,,,,,,,,,,,,,,,,,,,,,,,,,,,,,,,,,,,,,,,,,,,,,,,,,,,,,,,,,,,,,,,
    READY:	,,,,,,,,,,,,,,,,,,,,,,,,,,,,,,,,,,,,,,,,,,,,,,,,,,,,,,,,,,,,,,,,,,,,,,,,
    RETM1:	,,,,,,,,,,,,,,,,,,,,,,,,,,,,,,,,,,,,,,,,,,,,,,,,,,,,,,,,,,,,,,,,,#######

From 4.000 to 8.000 μs:
    PHI1:	##,,,,,,,##,,,,,,,##,,,,,,,##,,,,,,,##,,,,,,,##,,,,,,,##,,,,,,,##,,,,,,,
    PHI2:	,,#####,,,,#####,,,,#####,,,,#####,,,,#####,,,,#####,,,,#####,,,,#####,,
    SYNC:	,,#########,,,,,,,,,,,,,,,,,,,,,,,,,,,,,,,,,,,,,,,,,,,,,,,,,,,,,,,,,,,,,
    STSTB_:	,,,,,,,,#,,,,,,,,,,,,,,,,,,,,,,,,,,,,,,,,,,,,,,,,,,,,,,,,,,,,,,,,,,,,,,,
    RDYIN:	,,,,,,,,,,,,,,,,,,,,,,,,,,,,,,,,,,,,,,,,,,,,,###########################
    READY:	,,,,,,,,,,,,,,,,,,,,,,,,,,,,,,,,,,,,,,,,,,,,,,,,########################
    DBIN:	,,,,,,,,,,,#############################################,,,,,,,,,,,,,,,,
    MEMR_:	,,,,,,,,################################################,,,,,,,,,,,,,,,,
    WAIT:	,,,,,,,,,,,,,,,,,,####################################,,,,,,,,,,,,,,,,,,
    RETM1:	,,,,,,,,,,,,,,,,,,,,,,,,,,,,,,,,,,,,,,,,,,,,,,,,,,,,,,,,,,,,,,,,,#######

From 8.000 to 12.000 μs:
    PHI1:	##,,,,,,,##,,,,,,,##,,,,,,,##,,,,,,,##,,,,,,,##,,,,,,,##,,,,,,,##,,,,,,,
    PHI2:	,,#####,,,,#####,,,,#####,,,,#####,,,,#####,,,,#####,,,,#####,,,,#####,,
    SYNC:	,,#########,,,,,,,,,,,,,,,,,,,,,,,,,,,#########,,,,,,,,,,,,,,,,,,,,,,,,,
    STSTB_:	,,,,,,,,#,,,,,,,,,,,,,,,,,,,,,,,,,,,,,,,,,,,#,,,,,,,,,,,,,,,,,,,,,,,,,,,
    DBIN:	,,,,,,,,,,,#########,,,,,,,,,,,,,,,,,,,,,,,,,,,#########,,,,,,,,,,,,,,,,
    MEMR_:	,,,,,,,,############,,,,,,,,,,,,,,,,,,,,,,,,############,,,,,,,,,,,,,,,,
    INTE:	,,,,,,,,,,,,,,,,,,,,,,,,,,,,,,,,,,,,,,,,,,,,,,,,,,,,,,,,,,,,,,,,,#######
    RETM1:	,,,,,,,,,,,,,,,,,,,,,,,,,,,,,#######,,,,,,,,,,,,,,,,,,,,,,,,,,,,,#######

From 12.000 to 16.000 μs:
    PHI1:	##,,,,,,,##,,,,,,,##,,,,,,,##,,,,,,,##,,,,,,,##,,,,,,,##,,,,,,,##,,,,,,,
    PHI2:	,,#####,,,,#####,,,,#####,,,,#####,,,,#####,,,,#####,,,,#####,,,,#####,,
    SYNC:	,,#########,,,,,,,,,,,,,,,,,,,,,,,,,,,#########,,,,,,,,,,,,,,,,,,,,,,,,,
    STSTB_:	,,,,,,,,#,,,,,,,,,,,,,,,,,,,,,,,,,,,,,,,,,,,#,,,,,,,,,,,,,,,,,,,,,,,,,,,
    DBIN:	,,,,,,,,,,,#########,,,,,,,,,,,,,,,,,,,,,,,,,,,,,,,,,,,,,,,,,,,,,,,,,,,,
    MEMR_:	,,,,,,,,############,,,,,,,,,,,,,,,,,,,,,,,,,,,,,,,,,,,,,,,,,,,,,,,,,,,,
    INTE:	########################################################################
    WAIT:	,,,,,,,,,,,,,,,,,,,,,,,,,,,,,,,,,,,,,,,,,,,,,,,,,,,,,,##################

From 16.000 to 20.000 μs:
    PHI1:	##,,,,,,,##,,,,,,,##,,,,,,,##,,,,,,,##,,,,,,,##,,,,,,,##,,,,,,,##,,,,,,,
    PHI2:	,,#####,,,,#####,,,,#####,,,,#####,,,,#####,,,,#####,,,,#####,,,,#####,,
    INTE:	########################################################################
    WAIT:	########################################################################

From 20.000 to 24.000 μs:
    PHI1:	##,,,,,,,##,,,,,,,##,,,,,,,##,,,,,,,##,,,,,,,##,,,,,,,##,,,,,,,##,,,,,,,
    PHI2:	,,#####,,,,#####,,,,#####,,,,#####,,,,#####,,,,#####,,,,#####,,,,#####,,
    RESIN_:	######################################################,,,,,,,,,,,,,,,,,,
    RESET:	,,,######################################################,,,,,,,,,,,,,,,
    RDYIN:	,,,,,,,,,,,,,,,,,,,,,,,,,,,,,,,,,,,,,,,,,,,,,,,,,,,,,,##################
    READY:	###,,,,,,,,,,,,,,,,,,,,,,,,,,,,,,,,,,,,,,,,,,,,,,,,,,,,,,###############
    INTE:	########################################################################
    WAIT:	###,,,,,,,,,,,,,,,,,,,,,,,,,,,,,,,,,,,,,,,,,,,,,,,,,,,,,,,,,,,,,,,,,,,,,
    RETM1:	,,,,,,,,,,,,,,,,,,,,,,,,,,,,,,,,,,,,,,,,,,,,,,,,,,,,,,,,,,,,,,,,,#######

From 24.000 to 28.000 μs:
    PHI1:	##,,,,,,,##,,,,,,,##,,,,,,,##,,,,,,,##,,,,,,,##,,,,,,,##,,,,,,,##,,,,,,,
    PHI2:	,,#####,,,,#####,,,,#####,,,,#####,,,,#####,,,,#####,,,,#####,,,,#####,,
    SYNC:	,,#########,,,,,,,,,,,,,,,,,,,,,,,,,,,#########,,,,,,,,,,,,,,,,,,,,,,,,,
    STSTB_:	,,,,,,,,#,,,,,,,,,,,,,,,,,,,,,,,,,,,,,,,,,,,#,,,,,,,,,,,,,,,,,,,,,,,,,,,
    DBIN:	,,,,,,,,,,,#########,,,,,,,,,,,,,,,,,,,,,,,,,,,#########,,,,,,,,,,,,,,,,
    MEMR_:	,,,,,,,,############,,,,,,,,,,,,,,,,,,,,,,,,############,,,,,,,,,,,,,,,,
    INTE:	#############################,,,,,,,,,,,,,,,,,,,,,,,,,,,,,,,,,,,,,,,,,,,
    RETM1:	,,,,,,,,,,,,,,,,,,,,,,,,,,,,,#######,,,,,,,,,,,,,,,,,,,,,,,,,,,,,#######

From 28.000 to 32.000 μs:
    PHI1:	##,,,,,,,##,,,,,,,##,,,,,,,##,,,,,,,##,,,,,,,##,,,,,,,##,,,,,,,##,,,,,,,
    PHI2:	,,#####,,,,#####,,,,#####,,,,#####,,,,#####,,,,#####,,,,#####,,,,#####,,
    SYNC:	,,#########,,,,,,,,,,,,,,,,,,,,,,,,,,,#########,,,,,,,,,,,,,,,,,,,,,,,,,
    STSTB_:	,,,,,,,,#,,,,,,,,,,,,,,,,,,,,,,,,,,,,,,,,,,,#,,,,,,,,,,,,,,,,,,,,,,,,,,,
    DBIN:	,,,,,,,,,,,#########,,,,,,,,,,,,,,,,,,,,,,,,,,,#########,,,,,,,,,,,,,,,,
    MEMR_:	,,,,,,,,############,,,,,,,,,,,,,,,,,,,,,,,,############,,,,,,,,,,,,,,,,
    RETM1:	,,,,,,,,,,,,,,,,,,,,,,,,,,,,,#######,,,,,,,,,,,,,,,,,,,,,,,,,,,,,#######

From 32.000 to 36.000 μs:
    PHI1:	##,,,,,,,##,,,,,,,##,,,,,,,##,,,,,,,##,,,,,,,##,,,,,,,##,,,,,,,##,,,,,,,
    PHI2:	,,#####,,,,#####,,,,#####,,,,#####,,,,#####,,,,#####,,,,#####,,,,#####,,
    SYNC:	,,#########,,,,,,,,,,,,,,,,,,,,,,,,,,,#########,,,,,,,,,,,,,,,,,,,,,,,,,
    STSTB_:	,,,,,,,,#,,,,,,,,,,,,,,,,,,,,,,,,,,,,,,,,,,,#,,,,,,,,,,,,,,,,,,,,,,,,,,,
    DBIN:	,,,,,,,,,,,#########,,,,,,,,,,,,,,,,,,,,,,,,,,,#########,,,,,,,,,,,,,,,,
    MEMR_:	,,,,,,,,############,,,,,,,,,,,,,,,,,,,,,,,,############,,,,,,,,,,,,,,,,
    RETM1:	,,,,,,,,,,,,,,,,,,,,,,,,,,,,,#######,,,,,,,,,,,,,,,,,,,,,,,,,,,,,#######

From 36.000 to 40.000 μs:
    PHI1:	##,,,,,,,##,,,,,,,##,,,,,,,##,,,,,,,##,,,,,,,##,,,,,,,##,,,,,,,##,,,,,,,
    PHI2:	,,#####,,,,#####,,,,#####,,,,#####,,,,#####,,,,#####,,,,#####,,,,#####,,
    SYNC:	,,#########,,,,,,,,,,,,,,,,,,,,,,,,,,,#########,,,,,,,,,,,,,,,,,,,,,,,,,
    STSTB_:	,,,,,,,,#,,,,,,,,,,,,,,,,,,,,,,,,,,,,,,,,,,,#,,,,,,,,,,,,,,,,,,,,,,,,,,,
    DBIN:	,,,,,,,,,,,#########,,,,,,,,,,,,,,,,,,,,,,,,,,,#########,,,,,,,,,,,,,,,,
    MEMR_:	,,,,,,,,############,,,,,,,,,,,,,,,,,,,,,,,,############,,,,,,,,,,,,,,,,
    INTE:	,,,,,,,,,,,,,,,,,,,,,,,,,,,,,###########################################
    RETM1:	,,,,,,,,,,,,,,,,,,,,,,,,,,,,,#######,,,,,,,,,,,,,,,,,,,,,,,,,,,,,,,,,,,,

From 40.000 to 44.000 μs:
    PHI1:	##,,,,,,,##,,,,,,,##,,,,,,,##,,,,,,,##,,,,,,,##,,,,,,,##,,,,,,,##,,,,,,,
    PHI2:	,,#####,,,,#####,,,,#####,,,,#####,,,,#####,,,,#####,,,,#####,,,,#####,,
    SYNC:	,,#########,,,,,,,,,,,,,,,,,,,,,,,,,,,,,,,,,,,,,,,,,,,,,,,,,,,,,,,,,,,,,
    STSTB_:	,,,,,,,,#,,,,,,,,,,,,,,,,,,,,,,,,,,,,,,,,,,,,,,,,,,,,,,,,,,,,,,,,,,,,,,,
    INTE:	########################################################################
    INT:	,,,,,,,,,,,,,,,,,,,,,,,,,,,,,,,,,,,,,,,,,,,,,,,,,,,,,,,,,,,,,,,#########
    WAIT:	,,,,,,,,,,,,,,,,,,###############################################,,,,,,,
    RETM1:	,,,,,,,,,,,,,,,,,,,,,,,,,,,,,,,,,,,,,,,,,,,,,,,,,,,,,,,,,,,,,,,,,#######

From 44.000 to 48.000 μs:
    PHI1:	##,,,,,,,##,,,,,,,##,,,,,,,##,,,,,,,##,,,,,,,##,,,,,,,##,,,,,,,##,,,,,,,
    PHI2:	,,#####,,,,#####,,,,#####,,,,#####,,,,#####,,,,#####,,,,#####,,,,#####,,
    SYNC:	,,#########,,,,,,,,,,,,,,,,,,,,,,,,,,,#########,,,,,,,,,,,,,,,,,,,,,,,,,
    STSTB_:	,,,,,,,,#,,,,,,,,,,,,,,,,,,,,,,,,,,,,,,,,,,,#,,,,,,,,,,,,,,,,,,,,,,,,,,,
    DBIN:	,,,,,,,,,,,#########,,,,,,,,,,,,,,,,,,,,,,,,,,,#########,,,,,,,,,,,,,,,,
    MEMR_:	,,,,,,,,,,,,,,,,,,,,,,,,,,,,,,,,,,,,,,,,,,,,############,,,,,,,,,,,,,,,,
    INTE:	###########,,,,,,,,,,,,,,,,,,###########################################
    INT:	########################################################################
    INTA_:	,,,,,,,,############,,,,,,,,,,,,,,,,,,,,,,,,,,,,,,,,,,,,,,,,,,,,,,,,,,,,
    RETM1:	,,,,,,,,,,,,,,,,,,,,,,,,,,,,,#######,,,,,,,,,,,,,,,,,,,,,,,,,,,,,#######

From 48.000 to 52.000 μs:
    PHI1:	##,,,,,,,##,,,,,,,##,,,,,,,##,,,,,,,##,,,,,,,##,,,,,,,##,,,,,,,##,,,,,,,
    PHI2:	,,#####,,,,#####,,,,#####,,,,#####,,,,#####,,,,#####,,,,#####,,,,#####,,
    SYNC:	,,#########,,,,,,,,,,,,,,,,,,,,,,,,,,,#########,,,,,,,,,,,,,,,,,,,,,,,,,
    STSTB_:	,,,,,,,,#,,,,,,,,,,,,,,,,,,,,,,,,,,,,,,,,,,,#,,,,,,,,,,,,,,,,,,,,,,,,,,,
    DBIN:	,,,,,,,,,,,#########,,,,,,,,,,,,,,,,,,,,,,,,,,,#########,,,,,,,,,,,,,,,,
    MEMR_:	,,,,,,,,,,,,,,,,,,,,,,,,,,,,,,,,,,,,,,,,,,,,############,,,,,,,,,,,,,,,,
    INTE:	###########,,,,,,,,,,,,,,,,,,,,,,,,,,,,,,,,,,,,,,,,,,,,,,,,,,,,,,,,,,,,,
    INT:	########################################################################
    INTA_:	,,,,,,,,############,,,,,,,,,,,,,,,,,,,,,,,,,,,,,,,,,,,,,,,,,,,,,,,,,,,,
    RETM1:	,,,,,,,,,,,,,,,,,,,,,,,,,,,,,#######,,,,,,,,,,,,,,,,,,,,,,,,,,,,,#######

From 52.000 to 56.000 μs:
    PHI1:	##,,,,,,,##,,,,,,,##,,,,,,,##,,,,,,,##,,,,,,,##,,,,,,,##,,,,,,,##,,,,,,,
    PHI2:	,,#####,,,,#####,,,,#####,,,,#####,,,,#####,,,,#####,,,,#####,,,,#####,,
    SYNC:	,,#########,,,,,,,,,,,,,,,,,,,,,,,,,,,#########,,,,,,,,,,,,,,,,,,,,,,,,,
    STSTB_:	,,,,,,,,#,,,,,,,,,,,,,,,,,,,,,,,,,,,,,,,,,,,#,,,,,,,,,,,,,,,,,,,,,,,,,,,
    DBIN:	,,,,,,,,,,,#########,,,,,,,,,,,,,,,,,,,,,,,,,,,#########,,,,,,,,,,,,,,,,
    MEMR_:	,,,,,,,,############,,,,,,,,,,,,,,,,,,,,,,,,############,,,,,,,,,,,,,,,,
    INTE:	,,,,,,,,,,,,,,,,,,,,,,,,,,,,,,,,,,,,,,,,,,,,,,,,,,,,,,,,,,,,,,,,,#######
    INT:	#######################################,,,,,,,,,,,,,,,,,,,,,,,,,,,,,,,,,
    RETM1:	,,,,,,,,,,,,,,,,,,,,,,,,,,,,,#######,,,,,,,,,,,,,,,,,,,,,,,,,,,,,#######

From 56.000 to 60.000 μs:
    PHI1:	##,,,,,,,##,,,,,,,##,,,,,,,##,,,,,,,##,,,,,,,##,,,,,,,##,,,,,,,##,,,,,,,
    PHI2:	,,#####,,,,#####,,,,#####,,,,#####,,,,#####,,,,#####,,,,#####,,,,#####,,
    SYNC:	,,#########,,,,,,,,,,,,,,,,,,,,,,,,,,,#########,,,,,,,,,,,,,,,,,,,,,,,,,
    STSTB_:	,,,,,,,,#,,,,,,,,,,,,,,,,,,,,,,,,,,,,,,,,,,,#,,,,,,,,,,,,,,,,,,,,,,,,,,,
    DBIN:	,,,,,,,,,,,#########,,,,,,,,,,,,,,,,,,,,,,,,,,,#########,,,,,,,,,,,,,,,,
    MEMR_:	,,,,,,,,############,,,,,,,,,,,,,,,,,,,,,,,,############,,,,,,,,,,,,,,,,
    INTE:	########################################################################
    RETM1:	,,,,,,,,,,,,,,,,,,,,,,,,,,,,,#######,,,,,,,,,,,,,,,,,,,,,,,,,,,,,#######

From 60.000 to 64.000 μs:
    PHI1:	##,,,,,,,##,,,,,,,##,,,,,,,##,,,,,,,##,,,,,,,##,,,,,,,##,,,,,,,##,,,,,,,
    PHI2:	,,#####,,,,#####,,,,#####,,,,#####,,,,#####,,,,#####,,,,#####,,,,#####,,
    SYNC:	,,#########,,,,,,,,,,,,,,,,,,,,,,,,,,,#########,,,,,,,,,,,,,,,,,,,,,,,,,
    STSTB_:	,,,,,,,,#,,,,,,,,,,,,,,,,,,,,,,,,,,,,,,,,,,,#,,,,,,,,,,,,,,,,,,,,,,,,,,,
    DBIN:	,,,,,,,,,,,#########,,,,,,,,,,,,,,,,,,,,,,,,,,,#########,,,,,,,,,,,,,,,,
    MEMR_:	,,,,,,,,############,,,,,,,,,,,,,,,,,,,,,,,,############,,,,,,,,,,,,,,,,
    INTE:	########################################################################
    RETM1:	,,,,,,,,,,,,,,,,,,,,,,,,,,,,,#######,,,,,,,,,,,,,,,,,,,,,,,,,,,,,#######

*** *** end Cpu8080_bist

=== === TOP Sys8080_bist

   4.444: /STSTB↓ 0242 M1 MEMR == STATUS_FETCH
   4.611: DBIN↑ /MEMR 0000000
   7.111: DBIN↓ 0000000 0000 NOP
   8.444: /STSTB↓ 0242 M1 MEMR == STATUS_FETCH
   8.611: DBIN↑ /MEMR 0000001
   9.111: DBIN↓ 0000001 0000 NOP
  10.444: /STSTB↓ 0242 M1 MEMR == STATUS_FETCH
  10.611: DBIN↑ /MEMR 0000002
  11.111: DBIN↓ 0000002 0000 NOP
  12.444: /STSTB↓ 0242 M1 MEMR == STATUS_FETCH
  12.611: DBIN↑ /MEMR 0000003
  13.111: DBIN↓ 0000003 0000 NOP
  14.444: /STSTB↓ 0242 M1 MEMR == STATUS_FETCH
  14.611: DBIN↑ /MEMR 0000004
  15.111: DBIN↓ 0000004 0000 NOP

Signal Traces:

From 0.000 to 4.000 μs:
    PHI1:	##,,,,,,,##,,,,,,,##,,,,,,,##,,,,,,,##,,,,,,,##,,,,,,,##,,,,,,,##,,,,,,,
    PHI2:	,,#####,,,,#####,,,,#####,,,,#####,,,,#####,,,,#####,,,,#####,,,,#####,,
    RESIN_:	######################################################,,,,,,,,,,,,,,,,,,
    RESET:	#########################################################,,,,,,,,,,,,,,,
    RDYIN:	,,,,,,,,,,,,,,,,,,,,,,,,,,,,,,,,,,,,,,,,,,,,,,,,,,,,,,,,,,,,,,,,,,,,,,,,
    READY:	,,,,,,,,,,,,,,,,,,,,,,,,,,,,,,,,,,,,,,,,,,,,,,,,,,,,,,,,,,,,,,,,,,,,,,,,
    RETM1:	,,,,,,,,,,,,,,,,,,,,,,,,,,,,,,,,,,,,,,,,,,,,,,,,,,,,,,,,,,,,,,,,,#######

From 4.000 to 8.000 μs:
    PHI1:	##,,,,,,,##,,,,,,,##,,,,,,,##,,,,,,,##,,,,,,,##,,,,,,,##,,,,,,,##,,,,,,,
    PHI2:	,,#####,,,,#####,,,,#####,,,,#####,,,,#####,,,,#####,,,,#####,,,,#####,,
    SYNC:	,,#########,,,,,,,,,,,,,,,,,,,,,,,,,,,,,,,,,,,,,,,,,,,,,,,,,,,,,,,,,,,,,
    STSTB_:	,,,,,,,,#,,,,,,,,,,,,,,,,,,,,,,,,,,,,,,,,,,,,,,,,,,,,,,,,,,,,,,,,,,,,,,,
    RDYIN:	,,,,,,,,,,,,,,,,,,,,,,,,,,,,,,,,,,,,,,,,,,,,,###########################
    READY:	,,,,,,,,,,,,,,,,,,,,,,,,,,,,,,,,,,,,,,,,,,,,,,,,########################
    DBIN:	,,,,,,,,,,,#############################################,,,,,,,,,,,,,,,,
    MEMR_:	,,,,,,,,################################################,,,,,,,,,,,,,,,,
    WAIT:	,,,,,,,,,,,,,,,,,,####################################,,,,,,,,,,,,,,,,,,
    RETM1:	,,,,,,,,,,,,,,,,,,,,,,,,,,,,,,,,,,,,,,,,,,,,,,,,,,,,,,,,,,,,,,,,,#######

From 8.000 to 12.000 μs:
    PHI1:	##,,,,,,,##,,,,,,,##,,,,,,,##,,,,,,,##,,,,,,,##,,,,,,,##,,,,,,,##,,,,,,,
    PHI2:	,,#####,,,,#####,,,,#####,,,,#####,,,,#####,,,,#####,,,,#####,,,,#####,,
    SYNC:	,,#########,,,,,,,,,,,,,,,,,,,,,,,,,,,#########,,,,,,,,,,,,,,,,,,,,,,,,,
    STSTB_:	,,,,,,,,#,,,,,,,,,,,,,,,,,,,,,,,,,,,,,,,,,,,#,,,,,,,,,,,,,,,,,,,,,,,,,,,
    DBIN:	,,,,,,,,,,,#########,,,,,,,,,,,,,,,,,,,,,,,,,,,#########,,,,,,,,,,,,,,,,
    MEMR_:	,,,,,,,,############,,,,,,,,,,,,,,,,,,,,,,,,############,,,,,,,,,,,,,,,,
    RETM1:	,,,,,,,,,,,,,,,,,,,,,,,,,,,,,#######,,,,,,,,,,,,,,,,,,,,,,,,,,,,,#######

From 12.000 to 16.000 μs:
    PHI1:	##,,,,,,,##,,,,,,,##,,,,,,,##,,,,,,,##,,,,,,,##,,,,,,,##,,,,,,,##,,,,,,,
    PHI2:	,,#####,,,,#####,,,,#####,,,,#####,,,,#####,,,,#####,,,,#####,,,,#####,,
    SYNC:	,,#########,,,,,,,,,,,,,,,,,,,,,,,,,,,#########,,,,,,,,,,,,,,,,,,,,,,,,,
    STSTB_:	,,,,,,,,#,,,,,,,,,,,,,,,,,,,,,,,,,,,,,,,,,,,#,,,,,,,,,,,,,,,,,,,,,,,,,,,
    DBIN:	,,,,,,,,,,,#########,,,,,,,,,,,,,,,,,,,,,,,,,,,#########,,,,,,,,,,,,,,,,
    MEMR_:	,,,,,,,,############,,,,,,,,,,,,,,,,,,,,,,,,############,,,,,,,,,,,,,,,,
    RETM1:	,,,,,,,,,,,,,,,,,,,,,,,,,,,,,#######,,,,,,,,,,,,,,,,,,,,,,,,,,,,,#######

*** *** end Sys8080_bist

*** *** end desim_bist

=== === TOP desim_bench

=== === TOP Edge_bench

*** *** end Edge_bench

=== === TOP Clock_bench

*** *** end Clock_bench

=== === TOP Gen8224_bench

*** *** end Gen8224_bench

=== === TOP Cpu8080_bench

*** *** end Cpu8080_bench

=== === TOP Sys8080_bench

*** *** end Sys8080_bench

*** *** end desim_bench

*** *** end main
