Tau_bist complete
s1: a↑
s2: a↑
s2: b↑
s1: c↑
s3: a↓
s3: b↓
s3: c↓
s1: a↑
s2: a↑
s2: b↑
s1: c↑
s3: a↓
s3: b↓
s3: c↓
s1: a↑
s2: a↑
s2: b↑
s1: c↑
s3: a↓
s3: b↓
s3: c↓
Edge_bist complete
Clock_bist complete
TimingCheck: τ allowed 60 to 90 ns -- FAIL, NO samples observed
TimingCheck: τ allowed 60 to 90 ns, saw 70 to 80 ns
TimingCheck: τ allowed 60 to 90 ns, saw 50 to 80 ns -- FAIL, LB timing violation(s).
TimingCheck: τ allowed 60 to 90 ns, saw 50 to 99 ns -- FAIL, LB UB timing violation(s).
timing_check_bist complete

Timing Checks:
TimingCheck: CY allowed 480 to 2000 ns, saw 500 to 500 ns
TimingCheck: Φ₁ at least 91 ns, saw 111 to 111 ns
TimingCheck: Φ₂ at least 242 ns, saw 277 to 277 ns
TimingCheck: D1 no bounds checked, saw 0 to 0 ns
TimingCheck: D2 at least 97 ns, saw 112 to 112 ns
TimingCheck: D3 allowed 111 to 132 ns, saw 111 to 111 ns
TimingCheck: DSS allowed 303 to 334 ns, saw 333 to 333 ns
TimingCheck: PW at least 25 ns, saw 56 to 56 ns
TimingCheck: DRH at least 217 ns, saw 222 to 222 ns
TimingCheck: DR at least 197 ns, saw 222 to 222 ns
TimingCheck: RS at least 120 ns, saw 222 to 222 ns

Signal Traces:

From 0 to 72 u:
From 0.000 to 4.000 μs:
    tPHI1:	##,,,,,,,##,,,,,,,##,,,,,,,##,,,,,,,##,,,,,,,##,,,,,,,##,,,,,,,##,,,,,,,
    tPHI2:	,,#####,,,,#####,,,,#####,,,,#####,,,,#####,,,,#####,,,,#####,,,,#####,,
    tSTSTB_:	,,,,,,,,#,,,,,,,,#,,,,,,,,#,,,,,,,,#,,,,,,,,#,,,,,,,,#,,,,,,,,#,,,,,,,,#

From 72 to 144 u:
From 4.000 to 8.000 μs:
    tPHI1:	##,,,,,,,##,,,,,,,##,,,,,,,##,,,,,,,##,,,,,,,##,,,,,,,##,,,,,,,##,,,,,,,
    tPHI2:	,,#####,,,,#####,,,,#####,,,,#####,,,,#####,,,,#####,,,,#####,,,,#####,,
    tSTSTB_:	,,,,,,,,#,,,,,,,,#,,,,,,,,#,,,,,,,,#,,,,,,,,#,,,,,,,,#,,,,,,,,#,,,,,,,,#
    tRESIN_:	,,,,,,,,,,,,,,,,,,###################,,,,,,,,,,,,,,,,,,#################
    tRESET:	###,,,,,,,,,,,,,,,,,,##################,,,,,,,,,,,,,,,,,,###############

From 144 to 216 u:
From 8.000 to 12.000 μs:
    tPHI1:	##,,,,,,,##,,,,,,,##,,,,,,,##,,,,,,,##,,,,,,,##,,,,,,,##,,,,,,,##,,,,,,,
    tPHI2:	,,#####,,,,#####,,,,#####,,,,#####,,,,#####,,,,#####,,,,#####,,,,#####,,
    tSTSTB_:	,,,,,,,,#,,,,,,,,#,,,,,,,,#,,,,,,,,#,,,,,,,,#,,,,,,,,#,,,,,,,,#,,,,,,,,#
    tRESIN_:	##,,,,,,,,,,,,,,,,,,###################,,,,,,,,,,,,,,,,,,###############
    tRESET:	###,,,,,,,,,,,,,,,,,,##################,,,,,,,,,,,,,,,,,,###############

From 216 to 288 u:
From 12.000 to 16.000 μs:
    tPHI1:	##,,,,,,,##,,,,,,,##,,,,,,,##,,,,,,,##,,,,,,,##,,,,,,,##,,,,,,,##,,,,,,,
    tPHI2:	,,#####,,,,#####,,,,#####,,,,#####,,,,#####,,,,#####,,,,#####,,,,#####,,
    tSTSTB_:	,,,,,,,,#,,,,,,,,#,,,,,,,,#,,,,,,,,#,,,,,,,,#,,,,,,,,#,,,,,,,,#,,,,,,,,#
    tRESIN_:	####,,,,,,,,,,,,,,,,,,###################,,,,,,,,,,,,,,,,,,#############
    tRESET:	############,,,,,,,,,,,,,,,,,,##################,,,,,,,,,,,,,,,,,,######

From 288 to 360 u:
From 16.000 to 20.000 μs:
    tPHI1:	##,,,,,,,##,,,,,,,##,,,,,,,##,,,,,,,##,,,,,,,##,,,,,,,##,,,,,,,##,,,,,,,
    tPHI2:	,,#####,,,,#####,,,,#####,,,,#####,,,,#####,,,,#####,,,,#####,,,,#####,,
    tSTSTB_:	,,,,,,,,#,,,,,,,,#,,,,,,,,#,,,,,,,,#,,,,,,,,#,,,,,,,,#,,,,,,,,#,,,,,,,,#
    tRESIN_:	######,,,,,,,,,,,,,,,,,,###################,,,,,,,,,,,,,,,,,,###########
    tRESET:	############,,,,,,,,,,,,,,,,,,##################,,,,,,,,,,,,,,,,,,######

From 360 to 432 u:
From 20.000 to 24.000 μs:
    tPHI1:	##,,,,,,,##,,,,,,,##,,,,,,,##,,,,,,,##,,,,,,,##,,,,,,,##,,,,,,,##,,,,,,,
    tPHI2:	,,#####,,,,#####,,,,#####,,,,#####,,,,#####,,,,#####,,,,#####,,,,#####,,
    tSTSTB_:	,,,,,,,,#,,,,,,,,#,,,,,,,,#,,,,,,,,#,,,,,,,,#,,,,,,,,#,,,,,,,,#,,,,,,,,#
    tRESIN_:	########,,,,,,,,,,,,,,,,,,###################,,,,,,,,,,,,,,,,,,#########
    tRESET:	############,,,,,,,,,,,,,,,,,,##################,,,,,,,,,,,,,,,,,,######

From 432 to 504 u:
From 24.000 to 28.000 μs:
    tPHI1:	##,,,,,,,##,,,,,,,##,,,,,,,##,,,,,,,##,,,,,,,##,,,,,,,##,,,,,,,##,,,,,,,
    tPHI2:	,,#####,,,,#####,,,,#####,,,,#####,,,,#####,,,,#####,,,,#####,,,,#####,,
    tSTSTB_:	,,,,,,,,#,,,,,,,,#,,,,,,,,#,,,,,,,,#,,,,,,,,#,,,,,,,,#,,,,,,,,#,,,,,,,,#
    tRESIN_:	##########,,,,,,,,,,,,,,,,,,###################,,,,,,,,,,,,,,,,,,#######
    tRESET:	############,,,,,,,,,,,,,,,,,,##################,,,,,,,,,,,,,,,,,,######

From 504 to 576 u:
From 28.000 to 32.000 μs:
    tPHI1:	##,,,,,,,##,,,,,,,##,,,,,,,##,,,,,,,##,,,,,,,##,,,,,,,##,,,,,,,##,,,,,,,
    tPHI2:	,,#####,,,,#####,,,,#####,,,,#####,,,,#####,,,,#####,,,,#####,,,,#####,,
    tSTSTB_:	,,,,,,,,#,,,,,,,,#,,,,,,,,#,,,,,,,,#,,,,,,,,#,,,,,,,,#,,,,,,,,#,,,,,,,,#
    tRESIN_:	############,,,,,,,,,,,,,,,,,,###################,,,,,,,,,,,,,,,,,,#####
    tRESET:	############,,,,,,,,,,,,,,,,,,###########################,,,,,,,,,,,,,,,

From 576 to 648 u:
From 32.000 to 36.000 μs:
    tPHI1:	##,,,,,,,##,,,,,,,##,,,,,,,##,,,,,,,##,,,,,,,##,,,,,,,##,,,,,,,##,,,,,,,
    tPHI2:	,,#####,,,,#####,,,,#####,,,,#####,,,,#####,,,,#####,,,,#####,,,,#####,,
    tSTSTB_:	,,,,,,,,#,,,,,,,,#,,,,,,,,#,,,,,,,,#,,,,,,,,#,,,,,,,,#,,,,,,,,#,,,,,,,,#
    tRESIN_:	##############,,,,,,,,,,,,,,,,,,###################,,,,,,,,,,,,,,,,,,###
    tRESET:	,,,##################,,,,,,,,,,,,,,,,,,##################,,,,,,,,,,,,,,,

From 648 to 720 u:
From 36.000 to 40.000 μs:
    tPHI1:	##,,,,,,,##,,,,,,,##,,,,,,,##,,,,,,,##,,,,,,,##,,,,,,,##,,,,,,,##,,,,,,,
    tPHI2:	,,#####,,,,#####,,,,#####,,,,#####,,,,#####,,,,#####,,,,#####,,,,#####,,
    tSTSTB_:	,,,,,,,,#,,,,,,,,#,,,,,,,,#,,,,,,,,#,,,,,,,,#,,,,,,,,#,,,,,,,,#,,,,,,,,#
    tRESIN_:	################,,,,,,,,,,,,,,,,,,###################,,,,,,,,,,,,,,,,,,#
    tRESET:	,,,##################,,,,,,,,,,,,,,,,,,##################,,,,,,,,,,,,,,,

From 720 to 792 u:
From 40.000 to 44.000 μs:
    tPHI1:	##,,,,,,,##,,,,,,,##,,,,,,,##,,,,,,,##,,,,,,,##,,,,,,,##,,,,,,,##,,,,,,,
    tPHI2:	,,#####,,,,#####,,,,#####,,,,#####,,,,#####,,,,#####,,,,#####,,,,#####,,
    tSTSTB_:	,,,,,,,,#,,,,,,,,#,,,,,,,,#,,,,,,,,#,,,,,,,,#,,,,,,,,#,,,,,,,,#,,,,,,,,#
    tRESIN_:	##################,,,,,,,,,,,,,,,,,,,,,,,,,,,,,,,,,,,,,,,,,,,,,,,,,,,,,,
    tRESET:	,,,##################,,,,,,,,,,,,,,,,,,,,,,,,,,,,,,,,,,,,,,,,,,,,,,,,,,,
    tRDYIN:	,,,,,,,,,,,,,,,,,,,,,,,,,,,,,,,,,,,,,,,,,,,,,,,,,,,,,,##################
    tREADY:	,,,,,,,,,,,,,,,,,,,,,,,,,,,,,,,,,,,,,,,,,,,,,,,,,,,,,,,,,###############

From 792 to 864 u:
From 44.000 to 48.000 μs:
    tPHI1:	##,,,,,,,##,,,,,,,##,,,,,,,##,,,,,,,##,,,,,,,##,,,,,,,##,,,,,,,##,,,,,,,
    tPHI2:	,,#####,,,,#####,,,,#####,,,,#####,,,,#####,,,,#####,,,,#####,,,,#####,,
    tSTSTB_:	,,,,,,,,#,,,,,,,,#,,,,,,,,#,,,,,,,,#,,,,,,,,#,,,,,,,,#,,,,,,,,#,,,,,,,,#
    tRDYIN:	,,,,,,,,,,,,,,,,,,,##################,,,,,,,,,,,,,,,,,,,################
    tREADY:	###,,,,,,,,,,,,,,,,,,##################,,,,,,,,,,,,,,,,,,###############

From 864 to 936 u:
From 48.000 to 52.000 μs:
    tPHI1:	##,,,,,,,##,,,,,,,##,,,,,,,##,,,,,,,##,,,,,,,##,,,,,,,##,,,,,,,##,,,,,,,
    tPHI2:	,,#####,,,,#####,,,,#####,,,,#####,,,,#####,,,,#####,,,,#####,,,,#####,,
    tSTSTB_:	,,,,,,,,#,,,,,,,,#,,,,,,,,#,,,,,,,,#,,,,,,,,#,,,,,,,,#,,,,,,,,#,,,,,,,,#
    tRDYIN:	##,,,,,,,,,,,,,,,,,,,##################,,,,,,,,,,,,,,,,,,,##############
    tREADY:	###,,,,,,,,,,,,,,,,,,##################,,,,,,,,,,,,,,,,,,,,,,,,,,,######

From 936 to 1008 u:
From 52.000 to 56.000 μs:
    tPHI1:	##,,,,,,,##,,,,,,,##,,,,,,,##,,,,,,,##,,,,,,,##,,,,,,,##,,,,,,,##,,,,,,,
    tPHI2:	,,#####,,,,#####,,,,#####,,,,#####,,,,#####,,,,#####,,,,#####,,,,#####,,
    tSTSTB_:	,,,,,,,,#,,,,,,,,#,,,,,,,,#,,,,,,,,#,,,,,,,,#,,,,,,,,#,,,,,,,,#,,,,,,,,#
    tRDYIN:	####,,,,,,,,,,,,,,,,,,,##################,,,,,,,,,,,,,,,,,,,############
    tREADY:	############,,,,,,,,,,,,,,,,,,##################,,,,,,,,,,,,,,,,,,######

From 1008 to 1080 u:
From 56.000 to 60.000 μs:
    tPHI1:	##,,,,,,,##,,,,,,,##,,,,,,,##,,,,,,,##,,,,,,,##,,,,,,,##,,,,,,,##,,,,,,,
    tPHI2:	,,#####,,,,#####,,,,#####,,,,#####,,,,#####,,,,#####,,,,#####,,,,#####,,
    tSTSTB_:	,,,,,,,,#,,,,,,,,#,,,,,,,,#,,,,,,,,#,,,,,,,,#,,,,,,,,#,,,,,,,,#,,,,,,,,#
    tRDYIN:	######,,,,,,,,,,,,,,,,,,,##################,,,,,,,,,,,,,,,,,,,##########
    tREADY:	############,,,,,,,,,,,,,,,,,,##################,,,,,,,,,,,,,,,,,,######

From 1080 to 1152 u:
From 60.000 to 64.000 μs:
    tPHI1:	##,,,,,,,##,,,,,,,##,,,,,,,##,,,,,,,##,,,,,,,##,,,,,,,##,,,,,,,##,,,,,,,
    tPHI2:	,,#####,,,,#####,,,,#####,,,,#####,,,,#####,,,,#####,,,,#####,,,,#####,,
    tSTSTB_:	,,,,,,,,#,,,,,,,,#,,,,,,,,#,,,,,,,,#,,,,,,,,#,,,,,,,,#,,,,,,,,#,,,,,,,,#
    tRDYIN:	########,,,,,,,,,,,,,,,,,,,##################,,,,,,,,,,,,,,,,,,,########
    tREADY:	############,,,,,,,,,,,,,,,,,,##################,,,,,,,,,,,,,,,,,,######

From 1152 to 1224 u:
From 64.000 to 68.000 μs:
    tPHI1:	##,,,,,,,##,,,,,,,##,,,,,,,##,,,,,,,##,,,,,,,##,,,,,,,##,,,,,,,##,,,,,,,
    tPHI2:	,,#####,,,,#####,,,,#####,,,,#####,,,,#####,,,,#####,,,,#####,,,,#####,,
    tSTSTB_:	,,,,,,,,#,,,,,,,,#,,,,,,,,#,,,,,,,,#,,,,,,,,#,,,,,,,,#,,,,,,,,#,,,,,,,,#
    tRDYIN:	##########,,,,,,,,,,,,,,,,,,,##################,,,,,,,,,,,,,,,,,,,######
    tREADY:	############,,,,,,,,,,,,,,,,,,##################,,,,,,,,,,,,,,,,,,######

From 1224 to 1296 u:
From 68.000 to 72.000 μs:
    tPHI1:	##,,,,,,,##,,,,,,,##,,,,,,,##,,,,,,,##,,,,,,,##,,,,,,,##,,,,,,,##,,,,,,,
    tPHI2:	,,#####,,,,#####,,,,#####,,,,#####,,,,#####,,,,#####,,,,#####,,,,#####,,
    tSTSTB_:	,,,,,,,,#,,,,,,,,#,,,,,,,,#,,,,,,,,#,,,,,,,,#,,,,,,,,#,,,,,,,,#,,,,,,,,#
    tRDYIN:	############,,,,,,,,,,,,,,,,,,,##################,,,,,,,,,,,,,,,,,,,####
    tREADY:	############,,,,,,,,,,,,,,,,,,,,,,,,,,,##################,,,,,,,,,,,,,,,

From 1296 to 1368 u:
From 72.000 to 76.000 μs:
    tPHI1:	##,,,,,,,##,,,,,,,##,,,,,,,##,,,,,,,##,,,,,,,##,,,,,,,##,,,,,,,##,,,,,,,
    tPHI2:	,,#####,,,,#####,,,,#####,,,,#####,,,,#####,,,,#####,,,,#####,,,,#####,,
    tSTSTB_:	,,,,,,,,#,,,,,,,,#,,,,,,,,#,,,,,,,,#,,,,,,,,#,,,,,,,,#,,,,,,,,#,,,,,,,,#
    tRDYIN:	##############,,,,,,,,,,,,,,,,,,,##################,,,,,,,,,,,,,,,,,,,##
    tREADY:	,,,##################,,,,,,,,,,,,,,,,,,##################,,,,,,,,,,,,,,,

From 1368 to 1440 u:
From 76.000 to 80.000 μs:
    tPHI1:	##,,,,,,,##,,,,,,,##,,,,,,,##,,,,,,,##,,,,,,,##,,,,,,,##,,,,,,,##,,,,,,,
    tPHI2:	,,#####,,,,#####,,,,#####,,,,#####,,,,#####,,,,#####,,,,#####,,,,#####,,
    tSTSTB_:	,,,,,,,,#,,,,,,,,#,,,,,,,,#,,,,,,,,#,,,,,,,,#,,,,,,,,#,,,,,,,,#,,,,,,,,#
    tRDYIN:	################,,,,,,,,,,,,,,,,,,,##################,,,,,,,,,,,,,,,,,,,
    tREADY:	,,,##################,,,,,,,,,,,,,,,,,,##################,,,,,,,,,,,,,,,

From 1440 to 1512 u:
From 80.000 to 84.000 μs:
    tPHI1:	##,,,,,,,##,,,,,,,##,,,,,,,##,,,,,,,##,,,,,,,##,,,,,,,##,,,,,,,##,,,,,,,
    tPHI2:	,,#####,,,,#####,,,,#####,,,,#####,,,,#####,,,,#####,,,,#####,,,,#####,,
    tSTSTB_:	,,,,,,,,#,,,,,,,,#,,,,,,,,#,,,,,,,,#,,,,,,,,#,,,,,,,,#,,,,,,,,#,,,,,,,,#
    tREADY:	,,,#####################################################################

From 1512 to 1584 u:
From 84.000 to 88.000 μs:
    tPHI1:	##,,,,,,,##,,,,,,,##,,,,,,,##,,,,,,,##,,,,,,,##,,,,,,,##,,,,,,,##,,,,,,,
    tPHI2:	,,#####,,,,#####,,,,#####,,,,#####,,,,#####,,,,#####,,,,#####,,,,#####,,
    tSTSTB_:	,,,,,,,,#,,,,,,,,#,,,,,,,,#,,,,,,,,#,,,,,,,,#,,,,,,,,#,,,,,,,,#,,,,,,,,#

From 1584 to 1656 u:
From 88.000 to 92.000 μs:
    tPHI1:	##,,,,,,,##,,,,,,,##,,,,,,,##,,,,,,,##,,,,,,,##,,,,,,,##,,,,,,,##,,,,,,,
    tPHI2:	,,#####,,,,#####,,,,#####,,,,#####,,,,#####,,,,#####,,,,#####,,,,#####,,
    tSTSTB_:	,,,,,,,,#,,,,,,,,#,,,,,,,,#,,,,,,,,#,,,,,,,,#,,,,,,,,#,,,,,,,,#,,,,,,,,#

Gen8224_bist complete
bin/desim complete
